Tracing alien_galaxy_cat
alien_galaxy_cat: 35987 paths, 5.4 MiB
Tracing arce_autumn_cat
arce_autumn_cat: 61492 paths, 9.5 MiB
Tracing bytewhisker_cat
bytewhisker_cat: 55956 paths, 8.9 MiB
candy_alchemist_cat: 49661 paths, 7.9 MiB
canelo_cozy_cat: 73312 paths, 11.3 MiB
Tracing cyber_bloom_cat
cyber_bloom_cat: 58196 paths, 8.6 MiB
Tracing deepsea_sprite_cat
deepsea_sprite_cat: 60202 paths, 9.3 MiB
Tracing fossilstone_guardian_cat
fossilstone_guardian_cat: 56771 paths, 9.0 MiB
iridescent_origami_cat: 27345 paths, 4.1 MiB
jelly_aquatic_cat: 50451 paths, 7.3 MiB
Tracing kintsugi_tea_spirit_cat
kintsugi_tea_spirit_cat: 46990 paths, 7.4 MiB
Tracing lantern_spirit_cat
lantern_spirit_cat: 36806 paths, 5.4 MiB
Tracing lumen_lens_cat
lumen_lens_cat: 58761 paths, 9.3 MiB
Tracing margarita_daisy_cat
margarita_daisy_cat: 63261 paths, 9.6 MiB
Tracing masquerade_phantom_cat
masquerade_phantom_cat: 40581 paths, 6.4 MiB
Tracing mecha_neon_cat
mecha_neon_cat: 42289 paths, 6.3 MiB
Tracing menta_botanical_cat
menta_botanical_cat: 62606 paths, 9.4 MiB
Tracing mochi_bell_cat
mochi_bell_cat: 46239 paths, 7.4 MiB
Tracing molten_ember_cat
molten_ember_cat: 58897 paths, 8.6 MiB
Tracing mushroom_druid_cat
mushroom_druid_cat: 57215 paths, 8.7 MiB
Tracing neon_glitch_cat
neon_glitch_cat: 36368 paths, 5.1 MiB
Tracing nori_lunar_cat
nori_lunar_cat: 71484 paths, 10.7 MiB
Tracing nube_dream_cat
nube_dream_cat: 44602 paths, 7.3 MiB
Tracing prism_crystal_cat
prism_crystal_cat: 40141 paths, 5.9 MiB
Tracing regal_cosmic_cat
regal_cosmic_cat: 59376 paths, 8.9 MiB
Tracing sakura_whisper_cat
sakura_whisper_cat: 48855 paths, 7.6 MiB
Tracing selene_moonlit_cat
selene_moonlit_cat: 70366 paths, 10.7 MiB
Tracing sol_sunbeam_cat
sol_sunbeam_cat: 55121 paths, 8.4 MiB
Tracing sonata_prima_cat
sonata_prima_cat: 68941 paths, 10.5 MiB
steampunk_clockwork_cat: 45617 paths, 6.8 MiB
Tracing stormcloud_elemental_cat
stormcloud_elemental_cat: 68330 paths, 10.8 MiB
Tracing storybook_ink_cat
storybook_ink_cat: 66199 paths, 9.8 MiB
{"total":32,"converted":32,"failed":0}
